---
http_interactions:
- request:
    method: get
    uri: http://smc-ohana-api-test.herokuapp.com/api/locations/admin-test-location?api_token=SMC-Connect-Admin-Test
    body:
      encoding: US-ASCII
      string: ''
    headers:
      Accept:
      - application/vnd.ohanapi-v1+json
      User-Agent:
      - Ohanakapa Ruby Gem 1.0.0
      X-Api-Token:
      - SMC-Connect-Admin-Test
      Accept-Encoding:
      - gzip;q=1.0,deflate;q=0.6,identity;q=0.3
  response:
    status:
      code: 200
      message: OK
    headers:
      Cache-Control:
      - max-age=0, private, must-revalidate
      Content-Type:
      - application/json
      Date:
      - Thu, 29 May 2014 19:30:58 GMT
      Server:
      - nginx/1.4.7 + Phusion Passenger 4.0.40
      Status:
      - 200 OK
      X-Powered-By:
      - Phusion Passenger 4.0.40
      X-Request-Id:
      - 7a364cfb-11c0-4735-b918-3d14a7ab2fef
      X-Runtime:
      - '0.109245'
      Content-Length:
      - '1324'
      Connection:
      - keep-alive
    body:
      encoding: UTF-8
      string: '{"id":1711,"accessibility":["Disabled Restroom"],"address":{"id":1435,"street":"bozo","city":"fairfax","state":"va","zip":"12345"},"contacts":[{"id":2051,"name":"Moncef
        Belyamani-Belyamani","title":"Director of Development and Operations","phone":"703-555-1212","email":"moncefbelyamani@samaritanhousesanmateo.org","fax":"703-555-1234"}],"coordinates":[-73.9395687,42.8142432],"description":"This
        is a description","emails":["eml@example.org"],"faxes":[{"id":1152,"number":"7035551212","department":"CalFresh"}],"hours":"Monday-Friday
        10am-5pm","kind":"Test","name":"Admin Test Location","phones":[{"id":2527,"department":"CalFresh","extension":"x1223","number":"7035551212","vanity_number":"703555-ABCD"}],"short_desc":"This
        is a short description","slug":"admin-test-location","slugs":["admin-test-location","south-san-francisco-juvenile-sexual-responsibility-program-bozo"],"updated_at":"2014-05-29T12:30:56.609-07:00","urls":["http://codeforamerica.org"],"url":"http://smc-ohana-api-test.herokuapp.com/api/locations/1711","services":[{"id":1693,"description":"This
        is a description","service_areas":["San Mateo County"],"updated_at":"2014-05-29T12:30:56.598-07:00"}],"organization":{"id":1366,"name":"Health
        Insurance Counseling and Advocacy Program of San Mateo County (HICAP)","slug":"health-insurance-counseling-and-advocacy-program-of-san-mateo-county-hicap-412e63c6-6f79-433d-b406-1de3c13152b6","slugs":["health-insurance-counseling-and-advocacy-program-of-san-mateo-county-hicap-412e63c6-6f79-433d-b406-1de3c13152b6","admin-test-org","health-insurance-counseling-and-advocacy-program-of-san-mateo-county-hicap-ce53a0dd-c37b-4d66-9d0c-3b6c2c78e648","health-insurance-counseling-and-advocacy-program-of-san-mateo-county-hicap-3470c9d8-3174-4de0-9cc2-eecffa0e59ed","health-insurance-counseling-and-advocacy-program-of-san-mateo-county-hicap-6eeee4c0-9591-4a53-bcde-3fca1ac96366","health-insurance-counseling-and-advocacy-program-of-san-mateo-county-hicap-28032884-4d45-4ec0-a6d0-b6598b061e4e","health-insurance-counseling-and-advocacy-program-of-san-mateo-county-hicap-1b1fcd3a-405c-4ec2-80bf-fcbad734b409","health-insurance-counseling-and-advocacy-program-of-san-mateo-county-hicap-24655bf6-de3e-4c4a-8324-6df9583fb297","health-insurance-counseling-and-advocacy-program-of-san-mateo-county-hicap-2b525096-47bb-4bfd-b66b-25aca8b0e50f","health-insurance-counseling-and-advocacy-program-of-san-mateo-county-hicap-0f11ef7b-206f-4c88-8220-35b70904057e","health-insurance-counseling-and-advocacy-program-of-san-mateo-county-hicap-21aff945-f0cd-4822-a310-b4d488e2cd4f","health-insurance-counseling-and-advocacy-program-of-san-mateo-county-hicap-bf3681c6-2413-4af2-962e-54eda576a822","health-insurance-counseling-and-advocacy-program-of-san-mateo-county-hicap-ebd9be23-84fa-4fb2-b64c-d8d4204572bd","health-insurance-counseling-and-advocacy-program-of-san-mateo-county-hicap-e4138e1b-67f8-4d9d-95a6-1fa862e049aa","health-insurance-counseling-and-advocacy-program-of-san-mateo-county-hicap-d04de352-e4d7-45b4-b61b-cf5f76724ee3","health-insurance-counseling-and-advocacy-program-of-san-mateo-county-hicap-bd84ed9e-5453-475e-9e24-a9982f62d167","health-insurance-counseling-and-advocacy-program-of-san-mateo-county-hicap-8d871ab7-ac9d-4ea1-9496-5bd1ccb80e5b","health-insurance-counseling-and-advocacy-program-of-san-mateo-county-hicap-627c93a8-68c7-4743-8746-bc993ddf4eb1","health-insurance-counseling-and-advocacy-program-of-san-mateo-county-hicap-dd044e00-446b-4f95-910f-462034a8e2c3","health-insurance-counseling-and-advocacy-program-of-san-mateo-county-hicap-f3f5d60f-637f-45f2-9ee0-b02a807d319f","health-insurance-counseling-and-advocacy-program-of-san-mateo-county-hicap-1aaf68ce-9bc3-4363-ac26-a4bb4e6dd528"],"_slugs":["health-insurance-counseling-and-advocacy-program-of-san-mateo-county-hicap-412e63c6-6f79-433d-b406-1de3c13152b6"],"url":"http://smc-ohana-api-test.herokuapp.com/api/organizations/1366","locations_url":"http://smc-ohana-api-test.herokuapp.com/api/organizations/1366/locations"}}'
    http_version: 
  recorded_at: Thu, 29 May 2014 19:30:58 GMT
- request:
    method: put
    uri: http://smc-ohana-api-test.herokuapp.com/api/organizations/1366?api_token=SMC-Connect-Admin-Test&name=Health%20Insurance%20Counseling%20and%20Advocacy%20Program%20of%20San%20Mateo%20County%20(HICAP)
    body:
      encoding: UTF-8
      string: "{}"
    headers:
      Accept:
      - application/vnd.ohanapi-v1+json
      User-Agent:
      - Ohanakapa Ruby Gem 1.0.0
      X-Api-Token:
      - SMC-Connect-Admin-Test
      Accept-Encoding:
      - gzip;q=1.0,deflate;q=0.6,identity;q=0.3
  response:
    status:
      code: 200
      message: OK
    headers:
      Cache-Control:
      - max-age=0, private, must-revalidate
      Content-Type:
      - application/json
      Date:
      - Thu, 29 May 2014 19:30:59 GMT
      Server:
      - nginx/1.4.7 + Phusion Passenger 4.0.40
      Status:
      - 200 OK
      X-Powered-By:
      - Phusion Passenger 4.0.40
      X-Request-Id:
      - 3355b083-dd8f-4063-80df-757d4124e3b9
      X-Runtime:
      - '0.072322'
      Content-Length:
      - '761'
      Connection:
      - keep-alive
    body:
      encoding: UTF-8
      string: '{"id":1366,"name":"Health Insurance Counseling and Advocacy Program
        of San Mateo County (HICAP)","slug":"health-insurance-counseling-and-advocacy-program-of-san-mateo-county-hicap-412e63c6-6f79-433d-b406-1de3c13152b6","slugs":["health-insurance-counseling-and-advocacy-program-of-san-mateo-county-hicap-412e63c6-6f79-433d-b406-1de3c13152b6","admin-test-org","health-insurance-counseling-and-advocacy-program-of-san-mateo-county-hicap-ce53a0dd-c37b-4d66-9d0c-3b6c2c78e648","health-insurance-counseling-and-advocacy-program-of-san-mateo-county-hicap-3470c9d8-3174-4de0-9cc2-eecffa0e59ed","health-insurance-counseling-and-advocacy-program-of-san-mateo-county-hicap-6eeee4c0-9591-4a53-bcde-3fca1ac96366","health-insurance-counseling-and-advocacy-program-of-san-mateo-county-hicap-28032884-4d45-4ec0-a6d0-b6598b061e4e","health-insurance-counseling-and-advocacy-program-of-san-mateo-county-hicap-1b1fcd3a-405c-4ec2-80bf-fcbad734b409","health-insurance-counseling-and-advocacy-program-of-san-mateo-county-hicap-24655bf6-de3e-4c4a-8324-6df9583fb297","health-insurance-counseling-and-advocacy-program-of-san-mateo-county-hicap-2b525096-47bb-4bfd-b66b-25aca8b0e50f","health-insurance-counseling-and-advocacy-program-of-san-mateo-county-hicap-0f11ef7b-206f-4c88-8220-35b70904057e","health-insurance-counseling-and-advocacy-program-of-san-mateo-county-hicap-21aff945-f0cd-4822-a310-b4d488e2cd4f","health-insurance-counseling-and-advocacy-program-of-san-mateo-county-hicap-bf3681c6-2413-4af2-962e-54eda576a822","health-insurance-counseling-and-advocacy-program-of-san-mateo-county-hicap-ebd9be23-84fa-4fb2-b64c-d8d4204572bd","health-insurance-counseling-and-advocacy-program-of-san-mateo-county-hicap-e4138e1b-67f8-4d9d-95a6-1fa862e049aa","health-insurance-counseling-and-advocacy-program-of-san-mateo-county-hicap-d04de352-e4d7-45b4-b61b-cf5f76724ee3","health-insurance-counseling-and-advocacy-program-of-san-mateo-county-hicap-bd84ed9e-5453-475e-9e24-a9982f62d167","health-insurance-counseling-and-advocacy-program-of-san-mateo-county-hicap-8d871ab7-ac9d-4ea1-9496-5bd1ccb80e5b","health-insurance-counseling-and-advocacy-program-of-san-mateo-county-hicap-627c93a8-68c7-4743-8746-bc993ddf4eb1","health-insurance-counseling-and-advocacy-program-of-san-mateo-county-hicap-dd044e00-446b-4f95-910f-462034a8e2c3","health-insurance-counseling-and-advocacy-program-of-san-mateo-county-hicap-f3f5d60f-637f-45f2-9ee0-b02a807d319f","health-insurance-counseling-and-advocacy-program-of-san-mateo-county-hicap-1aaf68ce-9bc3-4363-ac26-a4bb4e6dd528"],"_slugs":["health-insurance-counseling-and-advocacy-program-of-san-mateo-county-hicap-412e63c6-6f79-433d-b406-1de3c13152b6"],"url":"http://smc-ohana-api-test.herokuapp.com/api/organizations/1366","locations_url":"http://smc-ohana-api-test.herokuapp.com/api/organizations/1366/locations"}'
    http_version: 
  recorded_at: Thu, 29 May 2014 19:30:59 GMT
- request:
    method: patch
    uri: http://smc-ohana-api-test.herokuapp.com/api/locations/1711/address?api_token=SMC-Connect-Admin-Test&city=fairfax&new&state=va&street=bozo&zip=12345
    body:
      encoding: UTF-8
      string: "{}"
    headers:
      Accept:
      - application/vnd.ohanapi-v1+json
      User-Agent:
      - Ohanakapa Ruby Gem 1.0.0
      X-Api-Token:
      - SMC-Connect-Admin-Test
      Accept-Encoding:
      - gzip;q=1.0,deflate;q=0.6,identity;q=0.3
  response:
    status:
      code: 200
      message: OK
    headers:
      Cache-Control:
      - max-age=0, private, must-revalidate
      Content-Type:
      - application/json
      Date:
      - Thu, 29 May 2014 19:30:59 GMT
      Server:
      - nginx/1.4.7 + Phusion Passenger 4.0.40
      Status:
      - 200 OK
      X-Powered-By:
      - Phusion Passenger 4.0.40
      X-Request-Id:
      - 0993161b-7089-45f4-813a-faf9f55c2914
      X-Runtime:
      - '0.059423'
      Content-Length:
      - '151'
      Connection:
      - keep-alive
    body:
      encoding: UTF-8
      string: '{"id":1435,"location_id":1711,"street":"bozo","city":"fairfax","state":"va","zip":"12345","created_at":"2014-05-24T14:06:56.940-07:00","updated_at":"2014-05-24T14:06:56.940-07:00"}'
    http_version: 
  recorded_at: Thu, 29 May 2014 19:30:59 GMT
- request:
    method: put
    uri: http://smc-ohana-api-test.herokuapp.com/api/locations/1711?accessibility%5B0%5D=restroom&admin_emails&api_token=SMC-Connect-Admin-Test&description=This%20is%20a%20description&emails%5B0%5D=eml@example.org&hours=Monday-Friday%2010am-5pm&kind=test&name=Admin%20Test%20Location&short_desc=This%20is%20a%20short%20description&transportation=SAMTRANS%20stops%20within%201/2%20mile.&urls%5B0%5D=http://codeforamerica.org
    body:
      encoding: UTF-8
      string: "{}"
    headers:
      Accept:
      - application/vnd.ohanapi-v1+json
      User-Agent:
      - Ohanakapa Ruby Gem 1.0.0
      X-Api-Token:
      - SMC-Connect-Admin-Test
      Accept-Encoding:
      - gzip;q=1.0,deflate;q=0.6,identity;q=0.3
  response:
    status:
      code: 200
      message: OK
    headers:
      Cache-Control:
      - max-age=0, private, must-revalidate
      Content-Type:
      - application/json
      Date:
      - Thu, 29 May 2014 19:30:59 GMT
      Server:
      - nginx/1.4.7 + Phusion Passenger 4.0.40
      Status:
      - 200 OK
      X-Powered-By:
      - Phusion Passenger 4.0.40
      X-Request-Id:
      - ba1484b0-f2b6-40f1-9af4-b958f3173690
      X-Runtime:
      - '0.162940'
      Transfer-Encoding:
      - chunked
      Connection:
      - keep-alive
    body:
      encoding: UTF-8
      string: '{"id":1711,"accessibility":["Disabled Restroom"],"address":{"id":1435,"street":"bozo","city":"fairfax","state":"va","zip":"12345"},"contacts":[{"id":2051,"name":"Moncef
        Belyamani-Belyamani","title":"Director of Development and Operations","phone":"703-555-1212","email":"moncefbelyamani@samaritanhousesanmateo.org","fax":"703-555-1234"}],"coordinates":[-73.9395687,42.8142432],"description":"This
        is a description","emails":["eml@example.org"],"faxes":[{"id":1152,"number":"7035551212","department":"CalFresh"}],"hours":"Monday-Friday
        10am-5pm","kind":"Test","name":"Admin Test Location","phones":[{"id":2527,"department":"CalFresh","extension":"x1223","number":"7035551212","vanity_number":"703555-ABCD"}],"short_desc":"This
        is a short description","slug":"admin-test-location","slugs":["admin-test-location","south-san-francisco-juvenile-sexual-responsibility-program-bozo"],"transportation":"SAMTRANS
        stops within 1/2 mile.","updated_at":"2014-05-29T12:30:59.474-07:00","urls":["http://codeforamerica.org"],"url":"http://smc-ohana-api-test.herokuapp.com/api/locations/1711","services":[{"id":1693,"description":"This
        is a description","service_areas":["San Mateo County"],"updated_at":"2014-05-29T12:30:56.598-07:00"}],"organization":{"id":1366,"name":"Health
        Insurance Counseling and Advocacy Program of San Mateo County (HICAP)","slug":"health-insurance-counseling-and-advocacy-program-of-san-mateo-county-hicap-412e63c6-6f79-433d-b406-1de3c13152b6","slugs":["health-insurance-counseling-and-advocacy-program-of-san-mateo-county-hicap-412e63c6-6f79-433d-b406-1de3c13152b6","admin-test-org","health-insurance-counseling-and-advocacy-program-of-san-mateo-county-hicap-ce53a0dd-c37b-4d66-9d0c-3b6c2c78e648","health-insurance-counseling-and-advocacy-program-of-san-mateo-county-hicap-3470c9d8-3174-4de0-9cc2-eecffa0e59ed","health-insurance-counseling-and-advocacy-program-of-san-mateo-county-hicap-6eeee4c0-9591-4a53-bcde-3fca1ac96366","health-insurance-counseling-and-advocacy-program-of-san-mateo-county-hicap-28032884-4d45-4ec0-a6d0-b6598b061e4e","health-insurance-counseling-and-advocacy-program-of-san-mateo-county-hicap-1b1fcd3a-405c-4ec2-80bf-fcbad734b409","health-insurance-counseling-and-advocacy-program-of-san-mateo-county-hicap-24655bf6-de3e-4c4a-8324-6df9583fb297","health-insurance-counseling-and-advocacy-program-of-san-mateo-county-hicap-2b525096-47bb-4bfd-b66b-25aca8b0e50f","health-insurance-counseling-and-advocacy-program-of-san-mateo-county-hicap-0f11ef7b-206f-4c88-8220-35b70904057e","health-insurance-counseling-and-advocacy-program-of-san-mateo-county-hicap-21aff945-f0cd-4822-a310-b4d488e2cd4f","health-insurance-counseling-and-advocacy-program-of-san-mateo-county-hicap-bf3681c6-2413-4af2-962e-54eda576a822","health-insurance-counseling-and-advocacy-program-of-san-mateo-county-hicap-ebd9be23-84fa-4fb2-b64c-d8d4204572bd","health-insurance-counseling-and-advocacy-program-of-san-mateo-county-hicap-e4138e1b-67f8-4d9d-95a6-1fa862e049aa","health-insurance-counseling-and-advocacy-program-of-san-mateo-county-hicap-d04de352-e4d7-45b4-b61b-cf5f76724ee3","health-insurance-counseling-and-advocacy-program-of-san-mateo-county-hicap-bd84ed9e-5453-475e-9e24-a9982f62d167","health-insurance-counseling-and-advocacy-program-of-san-mateo-county-hicap-8d871ab7-ac9d-4ea1-9496-5bd1ccb80e5b","health-insurance-counseling-and-advocacy-program-of-san-mateo-county-hicap-627c93a8-68c7-4743-8746-bc993ddf4eb1","health-insurance-counseling-and-advocacy-program-of-san-mateo-county-hicap-dd044e00-446b-4f95-910f-462034a8e2c3","health-insurance-counseling-and-advocacy-program-of-san-mateo-county-hicap-f3f5d60f-637f-45f2-9ee0-b02a807d319f","health-insurance-counseling-and-advocacy-program-of-san-mateo-county-hicap-1aaf68ce-9bc3-4363-ac26-a4bb4e6dd528"],"_slugs":["health-insurance-counseling-and-advocacy-program-of-san-mateo-county-hicap-412e63c6-6f79-433d-b406-1de3c13152b6"],"url":"http://smc-ohana-api-test.herokuapp.com/api/organizations/1366","locations_url":"http://smc-ohana-api-test.herokuapp.com/api/organizations/1366/locations"}}'
    http_version: 
  recorded_at: Thu, 29 May 2014 19:30:59 GMT
- request:
    method: patch
    uri: http://smc-ohana-api-test.herokuapp.com/api/locations/1711/contacts/2051?api_token=SMC-Connect-Admin-Test&email=moncefbelyamani@samaritanhousesanmateo.org&extension=&fax=703-555-1234&name=Moncef%20Belyamani-Belyamani&phone=703-555-1212&title=Director%20of%20Development%20and%20Operations
    body:
      encoding: UTF-8
      string: "{}"
    headers:
      Accept:
      - application/vnd.ohanapi-v1+json
      User-Agent:
      - Ohanakapa Ruby Gem 1.0.0
      X-Api-Token:
      - SMC-Connect-Admin-Test
      Accept-Encoding:
      - gzip;q=1.0,deflate;q=0.6,identity;q=0.3
  response:
    status:
      code: 200
      message: OK
    headers:
      Cache-Control:
      - max-age=0, private, must-revalidate
      Content-Type:
      - application/json
      Date:
      - Thu, 29 May 2014 19:30:59 GMT
      Server:
      - nginx/1.4.7 + Phusion Passenger 4.0.40
      Status:
      - 200 OK
      X-Powered-By:
      - Phusion Passenger 4.0.40
      X-Request-Id:
      - a73fbe1c-4677-4a0a-86cf-c528cb06ff90
      X-Runtime:
      - '0.047826'
      Content-Length:
      - '175'
      Connection:
      - keep-alive
    body:
      encoding: UTF-8
      string: '{"id":2051,"name":"Moncef Belyamani-Belyamani","title":"Director of
        Development and Operations","phone":"703-555-1212","email":"moncefbelyamani@samaritanhousesanmateo.org","fax":"703-555-1234"}'
    http_version: 
  recorded_at: Thu, 29 May 2014 19:30:59 GMT
- request:
    method: patch
    uri: http://smc-ohana-api-test.herokuapp.com/api/locations/1711/faxes/1152?api_token=SMC-Connect-Admin-Test&department=CalFresh&number=7035551212
    body:
      encoding: UTF-8
      string: "{}"
    headers:
      Accept:
      - application/vnd.ohanapi-v1+json
      User-Agent:
      - Ohanakapa Ruby Gem 1.0.0
      X-Api-Token:
      - SMC-Connect-Admin-Test
      Accept-Encoding:
      - gzip;q=1.0,deflate;q=0.6,identity;q=0.3
  response:
    status:
      code: 200
      message: OK
    headers:
      Cache-Control:
      - max-age=0, private, must-revalidate
      Content-Type:
      - application/json
      Date:
      - Thu, 29 May 2014 19:30:59 GMT
      Etag:
      - '"67599aa0373f1d23e4292c1a92619794"'
      Server:
      - nginx/1.4.7 + Phusion Passenger 4.0.40
      Status:
      - 200 OK
      X-Powered-By:
      - Phusion Passenger 4.0.40
      X-Request-Id:
      - 263b2b0a-0f31-4852-8841-f7c35cf1d89f
      X-Runtime:
      - '0.038636'
      Content-Length:
      - '57'
      Connection:
      - keep-alive
    body:
      encoding: UTF-8
      string: '{"id":1152,"number":"7035551212","department":"CalFresh"}'
    http_version: 
  recorded_at: Thu, 29 May 2014 19:30:59 GMT
- request:
    method: patch
    uri: http://smc-ohana-api-test.herokuapp.com/api/locations/1711/phones/2527?api_token=SMC-Connect-Admin-Test&department=CalFresh&extension=x1223&hours=&number=7035551212&vanity_number=703555-ABCD
    body:
      encoding: UTF-8
      string: "{}"
    headers:
      Accept:
      - application/vnd.ohanapi-v1+json
      User-Agent:
      - Ohanakapa Ruby Gem 1.0.0
      X-Api-Token:
      - SMC-Connect-Admin-Test
      Accept-Encoding:
      - gzip;q=1.0,deflate;q=0.6,identity;q=0.3
  response:
    status:
      code: 200
      message: OK
    headers:
      Cache-Control:
      - max-age=0, private, must-revalidate
      Content-Type:
      - application/json
      Date:
      - Thu, 29 May 2014 19:30:59 GMT
      Etag:
      - '"a912e9cd49993e0e13051ea9623907a9"'
      Server:
      - nginx/1.4.7 + Phusion Passenger 4.0.40
      Status:
      - 200 OK
      X-Powered-By:
      - Phusion Passenger 4.0.40
      X-Request-Id:
      - 7d086708-256a-48a7-aab6-7657234ca9a3
      X-Runtime:
      - '0.036398'
      Content-Length:
      - '107'
      Connection:
      - keep-alive
    body:
      encoding: UTF-8
      string: '{"id":2527,"department":"CalFresh","extension":"x1223","number":"7035551212","vanity_number":"703555-ABCD"}'
    http_version: 
  recorded_at: Thu, 29 May 2014 19:30:59 GMT
- request:
    method: put
    uri: http://smc-ohana-api-test.herokuapp.com/api/services/1693?api_token=SMC-Connect-Admin-Test&audience=&eligibility=&fees=&how_to_apply=&keywords&service_areas%5B0%5D=San%20Mateo%20County&wait=
    body:
      encoding: UTF-8
      string: "{}"
    headers:
      Accept:
      - application/vnd.ohanapi-v1+json
      User-Agent:
      - Ohanakapa Ruby Gem 1.0.0
      X-Api-Token:
      - SMC-Connect-Admin-Test
      Accept-Encoding:
      - gzip;q=1.0,deflate;q=0.6,identity;q=0.3
  response:
    status:
      code: 200
      message: OK
    headers:
      Cache-Control:
      - max-age=0, private, must-revalidate
      Content-Type:
      - application/json
      Date:
      - Thu, 29 May 2014 19:30:59 GMT
      Etag:
      - '"2cd8e19076f5bb15361d60f935ef5881"'
      Server:
      - nginx/1.4.7 + Phusion Passenger 4.0.40
      Status:
      - 200 OK
      X-Powered-By:
      - Phusion Passenger 4.0.40
      X-Request-Id:
      - 128f325c-fb82-4f71-b32e-d2a34f9b9a90
      X-Runtime:
      - '0.042825'
      Content-Length:
      - '131'
      Connection:
      - keep-alive
    body:
      encoding: UTF-8
      string: '{"id":1693,"description":"This is a description","service_areas":["San
        Mateo County"],"updated_at":"2014-05-29T12:30:59.960-07:00"}'
    http_version: 
  recorded_at: Thu, 29 May 2014 19:31:00 GMT
- request:
    method: put
    uri: http://smc-ohana-api-test.herokuapp.com/api/services/1693/categories?api_token=SMC-Connect-Admin-Test&category_slugs
    body:
      encoding: UTF-8
      string: "{}"
    headers:
      Accept:
      - application/vnd.ohanapi-v1+json
      User-Agent:
      - Ohanakapa Ruby Gem 1.0.0
      X-Api-Token:
      - SMC-Connect-Admin-Test
      Accept-Encoding:
      - gzip;q=1.0,deflate;q=0.6,identity;q=0.3
  response:
    status:
      code: 200
      message: OK
    headers:
      Cache-Control:
      - max-age=0, private, must-revalidate
      Content-Type:
      - application/json
      Date:
      - Thu, 29 May 2014 19:31:00 GMT
      Etag:
      - '"b0e6870ff18ec1e683423f71c0de430e"'
      Server:
      - nginx/1.4.7 + Phusion Passenger 4.0.40
      Status:
      - 200 OK
      X-Powered-By:
      - Phusion Passenger 4.0.40
      X-Request-Id:
      - c4098be2-16a6-43ec-936d-94eef0ea1d8f
      X-Runtime:
      - '0.075207'
      Content-Length:
      - '131'
      Connection:
      - keep-alive
    body:
      encoding: UTF-8
      string: '{"id":1693,"description":"This is a description","service_areas":["San
        Mateo County"],"updated_at":"2014-05-29T12:31:00.109-07:00"}'
    http_version: 
  recorded_at: Thu, 29 May 2014 19:31:00 GMT
- request:
    method: get
    uri: http://smc-ohana-api-test.herokuapp.com/api/locations/1711?api_token=SMC-Connect-Admin-Test
    body:
      encoding: US-ASCII
      string: ''
    headers:
      Accept:
      - application/vnd.ohanapi-v1+json
      User-Agent:
      - Ohanakapa Ruby Gem 1.0.0
      X-Api-Token:
      - SMC-Connect-Admin-Test
      Accept-Encoding:
      - gzip;q=1.0,deflate;q=0.6,identity;q=0.3
  response:
    status:
      code: 200
      message: OK
    headers:
      Cache-Control:
      - max-age=0, private, must-revalidate
      Content-Type:
      - application/json
      Date:
      - Thu, 29 May 2014 19:31:00 GMT
      Server:
      - nginx/1.4.7 + Phusion Passenger 4.0.40
      Status:
      - 200 OK
      X-Powered-By:
      - Phusion Passenger 4.0.40
      X-Request-Id:
      - 11393ca4-f404-488c-9028-d35ea5ee1ee1
      X-Runtime:
      - '0.062132'
      Transfer-Encoding:
      - chunked
      Connection:
      - keep-alive
    body:
      encoding: UTF-8
      string: '{"id":1711,"accessibility":["Disabled Restroom"],"address":{"id":1435,"street":"bozo","city":"fairfax","state":"va","zip":"12345"},"contacts":[{"id":2051,"name":"Moncef
        Belyamani-Belyamani","title":"Director of Development and Operations","phone":"703-555-1212","email":"moncefbelyamani@samaritanhousesanmateo.org","fax":"703-555-1234"}],"coordinates":[-73.9395687,42.8142432],"description":"This
        is a description","emails":["eml@example.org"],"faxes":[{"id":1152,"number":"7035551212","department":"CalFresh"}],"hours":"Monday-Friday
        10am-5pm","kind":"Test","name":"Admin Test Location","phones":[{"id":2527,"department":"CalFresh","extension":"x1223","number":"7035551212","vanity_number":"703555-ABCD"}],"short_desc":"This
        is a short description","slug":"admin-test-location","slugs":["admin-test-location","south-san-francisco-juvenile-sexual-responsibility-program-bozo"],"transportation":"SAMTRANS
        stops within 1/2 mile.","updated_at":"2014-05-29T12:31:00.122-07:00","urls":["http://codeforamerica.org"],"url":"http://smc-ohana-api-test.herokuapp.com/api/locations/1711","services":[{"id":1693,"description":"This
        is a description","service_areas":["San Mateo County"],"updated_at":"2014-05-29T12:31:00.109-07:00"}],"organization":{"id":1366,"name":"Health
        Insurance Counseling and Advocacy Program of San Mateo County (HICAP)","slug":"health-insurance-counseling-and-advocacy-program-of-san-mateo-county-hicap-412e63c6-6f79-433d-b406-1de3c13152b6","slugs":["health-insurance-counseling-and-advocacy-program-of-san-mateo-county-hicap-412e63c6-6f79-433d-b406-1de3c13152b6","admin-test-org","health-insurance-counseling-and-advocacy-program-of-san-mateo-county-hicap-ce53a0dd-c37b-4d66-9d0c-3b6c2c78e648","health-insurance-counseling-and-advocacy-program-of-san-mateo-county-hicap-3470c9d8-3174-4de0-9cc2-eecffa0e59ed","health-insurance-counseling-and-advocacy-program-of-san-mateo-county-hicap-6eeee4c0-9591-4a53-bcde-3fca1ac96366","health-insurance-counseling-and-advocacy-program-of-san-mateo-county-hicap-28032884-4d45-4ec0-a6d0-b6598b061e4e","health-insurance-counseling-and-advocacy-program-of-san-mateo-county-hicap-1b1fcd3a-405c-4ec2-80bf-fcbad734b409","health-insurance-counseling-and-advocacy-program-of-san-mateo-county-hicap-24655bf6-de3e-4c4a-8324-6df9583fb297","health-insurance-counseling-and-advocacy-program-of-san-mateo-county-hicap-2b525096-47bb-4bfd-b66b-25aca8b0e50f","health-insurance-counseling-and-advocacy-program-of-san-mateo-county-hicap-0f11ef7b-206f-4c88-8220-35b70904057e","health-insurance-counseling-and-advocacy-program-of-san-mateo-county-hicap-21aff945-f0cd-4822-a310-b4d488e2cd4f","health-insurance-counseling-and-advocacy-program-of-san-mateo-county-hicap-bf3681c6-2413-4af2-962e-54eda576a822","health-insurance-counseling-and-advocacy-program-of-san-mateo-county-hicap-ebd9be23-84fa-4fb2-b64c-d8d4204572bd","health-insurance-counseling-and-advocacy-program-of-san-mateo-county-hicap-e4138e1b-67f8-4d9d-95a6-1fa862e049aa","health-insurance-counseling-and-advocacy-program-of-san-mateo-county-hicap-d04de352-e4d7-45b4-b61b-cf5f76724ee3","health-insurance-counseling-and-advocacy-program-of-san-mateo-county-hicap-bd84ed9e-5453-475e-9e24-a9982f62d167","health-insurance-counseling-and-advocacy-program-of-san-mateo-county-hicap-8d871ab7-ac9d-4ea1-9496-5bd1ccb80e5b","health-insurance-counseling-and-advocacy-program-of-san-mateo-county-hicap-627c93a8-68c7-4743-8746-bc993ddf4eb1","health-insurance-counseling-and-advocacy-program-of-san-mateo-county-hicap-dd044e00-446b-4f95-910f-462034a8e2c3","health-insurance-counseling-and-advocacy-program-of-san-mateo-county-hicap-f3f5d60f-637f-45f2-9ee0-b02a807d319f","health-insurance-counseling-and-advocacy-program-of-san-mateo-county-hicap-1aaf68ce-9bc3-4363-ac26-a4bb4e6dd528"],"_slugs":["health-insurance-counseling-and-advocacy-program-of-san-mateo-county-hicap-412e63c6-6f79-433d-b406-1de3c13152b6"],"url":"http://smc-ohana-api-test.herokuapp.com/api/organizations/1366","locations_url":"http://smc-ohana-api-test.herokuapp.com/api/organizations/1366/locations"}}'
    http_version: 
  recorded_at: Thu, 29 May 2014 19:31:00 GMT
- request:
    method: get
    uri: http://smc-ohana-api-test.herokuapp.com/api/locations/admin-test-location?api_token=SMC-Connect-Admin-Test
    body:
      encoding: US-ASCII
      string: ''
    headers:
      Accept:
      - application/vnd.ohanapi-v1+json
      User-Agent:
      - Ohanakapa Ruby Gem 1.0.0
      X-Api-Token:
      - SMC-Connect-Admin-Test
      Accept-Encoding:
      - gzip;q=1.0,deflate;q=0.6,identity;q=0.3
  response:
    status:
      code: 200
      message: OK
    headers:
      Cache-Control:
      - max-age=0, private, must-revalidate
      Content-Type:
      - application/json
      Date:
      - Thu, 29 May 2014 19:31:00 GMT
      Server:
      - nginx/1.4.7 + Phusion Passenger 4.0.40
      Status:
      - 200 OK
      X-Powered-By:
      - Phusion Passenger 4.0.40
      X-Request-Id:
      - ecd4543d-5b2c-47f7-acbc-2f0a0a7afd0f
      X-Runtime:
      - '0.108285'
      Transfer-Encoding:
      - chunked
      Connection:
      - keep-alive
    body:
      encoding: UTF-8
      string: '{"id":1711,"accessibility":["Disabled Restroom"],"address":{"id":1435,"street":"bozo","city":"fairfax","state":"va","zip":"12345"},"contacts":[{"id":2051,"name":"Moncef
        Belyamani-Belyamani","title":"Director of Development and Operations","phone":"703-555-1212","email":"moncefbelyamani@samaritanhousesanmateo.org","fax":"703-555-1234"}],"coordinates":[-73.9395687,42.8142432],"description":"This
        is a description","emails":["eml@example.org"],"faxes":[{"id":1152,"number":"7035551212","department":"CalFresh"}],"hours":"Monday-Friday
        10am-5pm","kind":"Test","name":"Admin Test Location","phones":[{"id":2527,"department":"CalFresh","extension":"x1223","number":"7035551212","vanity_number":"703555-ABCD"}],"short_desc":"This
        is a short description","slug":"admin-test-location","slugs":["admin-test-location","south-san-francisco-juvenile-sexual-responsibility-program-bozo"],"transportation":"SAMTRANS
        stops within 1/2 mile.","updated_at":"2014-05-29T12:31:00.122-07:00","urls":["http://codeforamerica.org"],"url":"http://smc-ohana-api-test.herokuapp.com/api/locations/1711","services":[{"id":1693,"description":"This
        is a description","service_areas":["San Mateo County"],"updated_at":"2014-05-29T12:31:00.109-07:00"}],"organization":{"id":1366,"name":"Health
        Insurance Counseling and Advocacy Program of San Mateo County (HICAP)","slug":"health-insurance-counseling-and-advocacy-program-of-san-mateo-county-hicap-412e63c6-6f79-433d-b406-1de3c13152b6","slugs":["health-insurance-counseling-and-advocacy-program-of-san-mateo-county-hicap-412e63c6-6f79-433d-b406-1de3c13152b6","admin-test-org","health-insurance-counseling-and-advocacy-program-of-san-mateo-county-hicap-ce53a0dd-c37b-4d66-9d0c-3b6c2c78e648","health-insurance-counseling-and-advocacy-program-of-san-mateo-county-hicap-3470c9d8-3174-4de0-9cc2-eecffa0e59ed","health-insurance-counseling-and-advocacy-program-of-san-mateo-county-hicap-6eeee4c0-9591-4a53-bcde-3fca1ac96366","health-insurance-counseling-and-advocacy-program-of-san-mateo-county-hicap-28032884-4d45-4ec0-a6d0-b6598b061e4e","health-insurance-counseling-and-advocacy-program-of-san-mateo-county-hicap-1b1fcd3a-405c-4ec2-80bf-fcbad734b409","health-insurance-counseling-and-advocacy-program-of-san-mateo-county-hicap-24655bf6-de3e-4c4a-8324-6df9583fb297","health-insurance-counseling-and-advocacy-program-of-san-mateo-county-hicap-2b525096-47bb-4bfd-b66b-25aca8b0e50f","health-insurance-counseling-and-advocacy-program-of-san-mateo-county-hicap-0f11ef7b-206f-4c88-8220-35b70904057e","health-insurance-counseling-and-advocacy-program-of-san-mateo-county-hicap-21aff945-f0cd-4822-a310-b4d488e2cd4f","health-insurance-counseling-and-advocacy-program-of-san-mateo-county-hicap-bf3681c6-2413-4af2-962e-54eda576a822","health-insurance-counseling-and-advocacy-program-of-san-mateo-county-hicap-ebd9be23-84fa-4fb2-b64c-d8d4204572bd","health-insurance-counseling-and-advocacy-program-of-san-mateo-county-hicap-e4138e1b-67f8-4d9d-95a6-1fa862e049aa","health-insurance-counseling-and-advocacy-program-of-san-mateo-county-hicap-d04de352-e4d7-45b4-b61b-cf5f76724ee3","health-insurance-counseling-and-advocacy-program-of-san-mateo-county-hicap-bd84ed9e-5453-475e-9e24-a9982f62d167","health-insurance-counseling-and-advocacy-program-of-san-mateo-county-hicap-8d871ab7-ac9d-4ea1-9496-5bd1ccb80e5b","health-insurance-counseling-and-advocacy-program-of-san-mateo-county-hicap-627c93a8-68c7-4743-8746-bc993ddf4eb1","health-insurance-counseling-and-advocacy-program-of-san-mateo-county-hicap-dd044e00-446b-4f95-910f-462034a8e2c3","health-insurance-counseling-and-advocacy-program-of-san-mateo-county-hicap-f3f5d60f-637f-45f2-9ee0-b02a807d319f","health-insurance-counseling-and-advocacy-program-of-san-mateo-county-hicap-1aaf68ce-9bc3-4363-ac26-a4bb4e6dd528"],"_slugs":["health-insurance-counseling-and-advocacy-program-of-san-mateo-county-hicap-412e63c6-6f79-433d-b406-1de3c13152b6"],"url":"http://smc-ohana-api-test.herokuapp.com/api/organizations/1366","locations_url":"http://smc-ohana-api-test.herokuapp.com/api/organizations/1366/locations"}}'
    http_version: 
  recorded_at: Thu, 29 May 2014 19:31:00 GMT
recorded_with: VCR 2.9.2
